
   FAIL  Tests\Unit\Inventory\CategoryItemServiceTest
  ✓ CategoryI… 1.30s  
  ✓ CategoryI… 0.08s  
  ✓ CategoryI… 0.10s  
  ✓ CategoryI… 0.10s  
  ✓ CategoryI… 0.08s  
  ✓ CategoryI… 0.07s  
  ⨯ CategoryI… 0.10s  
  ⨯ CategoryI… 0.06s  
  ✓ StoreCate… 0.07s  
  ✓ StoreCate… 0.07s  
  ──────────────────  
   FAIL…  TypeError   
  Mockery_2_Modules_Inventory_Repositories_CategoryItem_CategoryItemRepository::getActiveCategories(): Return value must be of type Illuminate\Database\Eloquent\Collection, Illuminate\Support\Collection returned

  at Modules\Inventory\app\Services\CategoryItemService.php:21
     17▕ 
     18▕     public function getActiveCategories(): Collection
     19▕     {
     20▕         return Cache::rememberForever(self::CACHE_KEY, function () {
  ➜  21▕             return $this->categoryItemRepository->getActiveCategories();
     22▕         });
     23▕     }
     24▕ 
     25▕     public function store(StoreCategoryItemDTO $dto): CategoryItem

  1   Modules\Inventory\app\Services\CategoryItemService.php:21
  2   vendor\laravel\framework\src\Illuminate\Cache\Repository.php:472

  ──────────────────  
   FAIL…  TypeError   
  Mockery_2_Modules_Inventory_Repositories_CategoryItem_CategoryItemRepository::getActiveCategories(): Return value must be of type Illuminate\Database\Eloquent\Collection, Illuminate\Support\Collection returned

  at Modules\Inventory\app\Services\CategoryItemService.php:21
     17▕ 
     18▕     public function getActiveCategories(): Collection
     19▕     {
     20▕         return Cache::rememberForever(self::CACHE_KEY, function () {
  ➜  21▕             return $this->categoryItemRepository->getActiveCategories();
     22▕         });
     23▕     }
     24▕ 
     25▕     public function store(StoreCategoryItemDTO $dto): CategoryItem

  1   Modules\Inventory\app\Services\CategoryItemService.php:21
  2   vendor\laravel\framework\src\Illuminate\Cache\Repository.php:472


  Tests:    2 failed, 8 passed (16 assertions)
  Duration: 2.78s

